2026-07-24 06:30:25,862 [INFO] ::group::Fetching Gift Codes from Google Sheet (tab: g_codes)
2026-07-24 06:30:26,224 [INFO] [✓] Successfully loaded 4 codes from 'g_codes'.
2026-07-24 06:30:26,226 [INFO] ::group::Fetching Accounts from Google Sheet (tab: player_ids)
2026-07-24 06:30:26,394 [INFO] [✓] Loaded 62 UNIQUE Player IDs (Processed 62 total rows, skipped 0 duplicates).
2026-07-24 06:30:26,395 [INFO] === Starting Batch Redemption Run ===
2026-07-24 06:30:26,395 [INFO] Target Accounts  : 62 Unique Player IDs
2026-07-24 06:30:26,395 [INFO] History Memory   : 62 Unique Player IDs recorded

2026-07-24 06:30:26,395 [INFO] --- Code: 'FB4Million' ---
2026-07-24 06:30:26,396 [INFO]   [⏩] SKIPPED         | Player ID: 206258850 (Already in history)
2026-07-24 06:30:26,396 [INFO]   [⏩] SKIPPED         | Player ID: 178680408 (Already in history)
2026-07-24 06:30:26,396 [INFO]   [⏩] SKIPPED         | Player ID: 197646356 (Already in history)
2026-07-24 06:30:26,396 [INFO]   [⏩] SKIPPED         | Player ID: 190841885 (Already in history)
2026-07-24 06:30:26,396 [INFO]   [⏩] SKIPPED         | Player ID: 198841815 (Already in history)
2026-07-24 06:30:26,396 [INFO]   [⏩] SKIPPED         | Player ID: 200398539 (Already in history)
2026-07-24 06:30:26,396 [INFO]   [⏩] SKIPPED         | Player ID: 233533445 (Already in history)
2026-07-24 06:30:26,396 [INFO]   [⏩] SKIPPED         | Player ID: 179712561 (Already in history)
2026-07-24 06:30:26,396 [INFO]   [⏩] SKIPPED         | Player ID: 248462897 (Already in history)
2026-07-24 06:30:26,396 [INFO]   [⏩] SKIPPED         | Player ID: 179286900 (Already in history)
2026-07-24 06:30:26,396 [INFO]   [⏩] SKIPPED         | Player ID: 138961481 (Already in history)
2026-07-24 06:30:26,396 [INFO]   [⏩] SKIPPED         | Player ID: 197138068 (Already in history)
2026-07-24 06:30:26,396 [INFO]   [⏩] SKIPPED         | Player ID: 215505556 (Already in history)
2026-07-24 06:30:26,396 [INFO]   [⏩] SKIPPED         | Player ID: 191206910 (Already in history)
2026-07-24 06:30:26,396 [INFO]   [⏩] SKIPPED         | Player ID: 321386187 (Already in history)
2026-07-24 06:30:26,396 [INFO]   [⏩] SKIPPED         | Player ID: 206396393 (Already in history)
2026-07-24 06:30:26,397 [INFO]   [⏩] SKIPPED         | Player ID: 199841828 (Already in history)
2026-07-24 06:30:26,397 [INFO]   [⏩] SKIPPED         | Player ID: 181956502 (Already in history)
2026-07-24 06:30:26,397 [INFO]   [⏩] SKIPPED         | Player ID: 215135464 (Already in history)
2026-07-24 06:30:26,397 [INFO]   [⏩] SKIPPED         | Player ID: 221630710 (Already in history)
2026-07-24 06:30:26,397 [INFO]   [⏩] SKIPPED         | Player ID: 207281088 (Already in history)
2026-07-24 06:30:26,397 [INFO]   [⏩] SKIPPED         | Player ID: 192275638 (Already in history)
2026-07-24 06:30:26,397 [INFO]   [⏩] SKIPPED         | Player ID: 198153961 (Already in history)
2026-07-24 06:30:26,397 [INFO]   [⏩] SKIPPED         | Player ID: 206052445 (Already in history)
2026-07-24 06:30:26,397 [INFO]   [⏩] SKIPPED         | Player ID: 288526153 (Already in history)
2026-07-24 06:30:26,397 [INFO]   [⏩] SKIPPED         | Player ID: 236945509 (Already in history)
2026-07-24 06:30:26,397 [INFO]   [⏩] SKIPPED         | Player ID: 194344232 (Already in history)
2026-07-24 06:30:26,397 [INFO]   [⏩] SKIPPED         | Player ID: 178860721 (Already in history)
2026-07-24 06:30:26,397 [INFO]   [⏩] SKIPPED         | Player ID: 252053499 (Already in history)
2026-07-24 06:30:26,397 [INFO]   [⏩] SKIPPED         | Player ID: 178259965 (Already in history)
2026-07-24 06:30:26,397 [INFO]   [⏩] SKIPPED         | Player ID: 232920331 (Already in history)
2026-07-24 06:30:26,397 [INFO]   [⏩] SKIPPED         | Player ID: 221862687 (Already in history)
2026-07-24 06:30:26,397 [INFO]   [⏩] SKIPPED         | Player ID: 199530391 (Already in history)
2026-07-24 06:30:26,398 [INFO]   [⏩] SKIPPED         | Player ID: 207493182 (Already in history)
2026-07-24 06:30:26,398 [INFO]   [⏩] SKIPPED         | Player ID: 181758388 (Already in history)
2026-07-24 06:30:26,398 [INFO]   [⏩] SKIPPED         | Player ID: 262635853 (Already in history)
2026-07-24 06:30:26,398 [INFO]   [⏩] SKIPPED         | Player ID: 197220451 (Already in history)
2026-07-24 06:30:26,398 [INFO]   [⏩] SKIPPED         | Player ID: 270999856 (Already in history)
2026-07-24 06:30:26,398 [INFO]   [⏩] SKIPPED         | Player ID: 287993718 (Already in history)
2026-07-24 06:30:26,398 [INFO]   [⏩] SKIPPED         | Player ID: 179303271 (Already in history)
2026-07-24 06:30:26,398 [INFO]   [⏩] SKIPPED         | Player ID: 248790551 (Already in history)
2026-07-24 06:30:26,398 [INFO]   [⏩] SKIPPED         | Player ID: 204168351 (Already in history)
2026-07-24 06:30:26,398 [INFO]   [⏩] SKIPPED         | Player ID: 230281501 (Already in history)
2026-07-24 06:30:26,398 [INFO]   [⏩] SKIPPED         | Player ID: 236856728 (Already in history)
2026-07-24 06:30:26,398 [INFO]   [⏩] SKIPPED         | Player ID: 243858391 (Already in history)
2026-07-24 06:30:26,398 [INFO]   [⏩] SKIPPED         | Player ID: 795242762 (Already in history)
2026-07-24 06:30:26,398 [INFO]   [⏩] SKIPPED         | Player ID: 233666803 (Already in history)
2026-07-24 06:30:26,398 [INFO]   [⏩] SKIPPED         | Player ID: 778241028 (Already in history)
2026-07-24 06:30:26,398 [INFO]   [⏩] SKIPPED         | Player ID: 386028579 (Already in history)
2026-07-24 06:30:26,398 [INFO]   [⏩] SKIPPED         | Player ID: 272536116 (Already in history)
2026-07-24 06:30:26,398 [INFO]   [⏩] SKIPPED         | Player ID: 189717993 (Already in history)
2026-07-24 06:30:26,399 [INFO]   [⏩] SKIPPED         | Player ID: 186986048 (Already in history)
2026-07-24 06:30:26,399 [INFO]   [⏩] SKIPPED         | Player ID: 147982644 (Already in history)
2026-07-24 06:30:26,399 [INFO]   [⏩] SKIPPED         | Player ID: 178615267 (Already in history)
2026-07-24 06:30:26,399 [INFO]   [⏩] SKIPPED         | Player ID: 475281320 (Already in history)
2026-07-24 06:30:26,399 [INFO]   [⏩] SKIPPED         | Player ID: 711972452 (Already in history)
2026-07-24 06:30:26,399 [INFO]   [⏩] SKIPPED         | Player ID: 711987337 (Already in history)
2026-07-24 06:30:26,399 [INFO]   [⏩] SKIPPED         | Player ID: 708955382 (Already in history)
2026-07-24 06:30:26,399 [INFO]   [⏩] SKIPPED         | Player ID: 199211027 (Already in history)
2026-07-24 06:30:26,399 [INFO]   [⏩] SKIPPED         | Player ID: 164962541 (Already in history)
2026-07-24 06:30:26,399 [INFO]   [⏩] SKIPPED         | Player ID: 359646774 (Already in history)
2026-07-24 06:30:26,399 [INFO]   [⏩] SKIPPED         | Player ID: 191998452 (Already in history)
2026-07-24 06:30:26,399 [INFO] --- Code: '2ndYoutubeKR' ---
2026-07-24 06:30:26,399 [INFO]   [⏩] SKIPPED         | Player ID: 206258850 (Already in history)
2026-07-24 06:30:26,399 [INFO]   [⏩] SKIPPED         | Player ID: 178680408 (Already in history)
2026-07-24 06:30:26,399 [INFO]   [⏩] SKIPPED         | Player ID: 197646356 (Already in history)
2026-07-24 06:30:26,399 [INFO]   [⏩] SKIPPED         | Player ID: 190841885 (Already in history)
2026-07-24 06:30:26,399 [INFO]   [⏩] SKIPPED         | Player ID: 198841815 (Already in history)
2026-07-24 06:30:26,399 [INFO]   [⏩] SKIPPED         | Player ID: 200398539 (Already in history)
2026-07-24 06:30:26,399 [INFO]   [⏩] SKIPPED         | Player ID: 233533445 (Already in history)
2026-07-24 06:30:26,399 [INFO]   [⏩] SKIPPED         | Player ID: 179712561 (Already in history)
2026-07-24 06:30:26,399 [INFO]   [⏩] SKIPPED         | Player ID: 248462897 (Already in history)
2026-07-24 06:30:26,399 [INFO]   [⏩] SKIPPED         | Player ID: 179286900 (Already in history)
2026-07-24 06:30:26,400 [INFO]   [⏩] SKIPPED         | Player ID: 138961481 (Already in history)
2026-07-24 06:30:26,400 [INFO]   [⏩] SKIPPED         | Player ID: 197138068 (Already in history)
2026-07-24 06:30:26,400 [INFO]   [⏩] SKIPPED         | Player ID: 215505556 (Already in history)
2026-07-24 06:30:26,400 [INFO]   [⏩] SKIPPED         | Player ID: 191206910 (Already in history)
2026-07-24 06:30:26,400 [INFO]   [⏩] SKIPPED         | Player ID: 321386187 (Already in history)
2026-07-24 06:30:26,400 [INFO]   [⏩] SKIPPED         | Player ID: 206396393 (Already in history)
2026-07-24 06:30:26,400 [INFO]   [⏩] SKIPPED         | Player ID: 199841828 (Already in history)
2026-07-24 06:30:26,400 [INFO]   [⏩] SKIPPED         | Player ID: 181956502 (Already in history)
2026-07-24 06:30:26,400 [INFO]   [⏩] SKIPPED         | Player ID: 215135464 (Already in history)
2026-07-24 06:30:26,400 [INFO]   [⏩] SKIPPED         | Player ID: 221630710 (Already in history)
2026-07-24 06:30:26,400 [INFO]   [⏩] SKIPPED         | Player ID: 207281088 (Already in history)
2026-07-24 06:30:26,400 [INFO]   [⏩] SKIPPED         | Player ID: 192275638 (Already in history)
2026-07-24 06:30:26,400 [INFO]   [⏩] SKIPPED         | Player ID: 198153961 (Already in history)
2026-07-24 06:30:26,400 [INFO]   [⏩] SKIPPED         | Player ID: 206052445 (Already in history)
2026-07-24 06:30:26,400 [INFO]   [⏩] SKIPPED         | Player ID: 288526153 (Already in history)
2026-07-24 06:30:26,400 [INFO]   [⏩] SKIPPED         | Player ID: 236945509 (Already in history)
2026-07-24 06:30:26,400 [INFO]   [⏩] SKIPPED         | Player ID: 194344232 (Already in history)
2026-07-24 06:30:26,400 [INFO]   [⏩] SKIPPED         | Player ID: 178860721 (Already in history)
2026-07-24 06:30:26,400 [INFO]   [⏩] SKIPPED         | Player ID: 252053499 (Already in history)
2026-07-24 06:30:26,400 [INFO]   [⏩] SKIPPED         | Player ID: 178259965 (Already in history)
2026-07-24 06:30:26,400 [INFO]   [⏩] SKIPPED         | Player ID: 232920331 (Already in history)
2026-07-24 06:30:26,400 [INFO]   [⏩] SKIPPED         | Player ID: 221862687 (Already in history)
2026-07-24 06:30:26,401 [INFO]   [⏩] SKIPPED         | Player ID: 199530391 (Already in history)
2026-07-24 06:30:26,401 [INFO]   [⏩] SKIPPED         | Player ID: 207493182 (Already in history)
2026-07-24 06:30:26,401 [INFO]   [⏩] SKIPPED         | Player ID: 181758388 (Already in history)
2026-07-24 06:30:26,401 [INFO]   [⏩] SKIPPED         | Player ID: 262635853 (Already in history)
2026-07-24 06:30:26,401 [INFO]   [⏩] SKIPPED         | Player ID: 197220451 (Already in history)
2026-07-24 06:30:26,401 [INFO]   [⏩] SKIPPED         | Player ID: 270999856 (Already in history)
2026-07-24 06:30:26,401 [INFO]   [⏩] SKIPPED         | Player ID: 287993718 (Already in history)
2026-07-24 06:30:26,401 [INFO]   [⏩] SKIPPED         | Player ID: 179303271 (Already in history)
2026-07-24 06:30:26,401 [INFO]   [⏩] SKIPPED         | Player ID: 248790551 (Already in history)
2026-07-24 06:30:26,401 [INFO]   [⏩] SKIPPED         | Player ID: 204168351 (Already in history)
2026-07-24 06:30:26,401 [INFO]   [⏩] SKIPPED         | Player ID: 230281501 (Already in history)
2026-07-24 06:30:26,401 [INFO]   [⏩] SKIPPED         | Player ID: 236856728 (Already in history)
2026-07-24 06:30:26,401 [INFO]   [⏩] SKIPPED         | Player ID: 243858391 (Already in history)
2026-07-24 06:30:26,401 [INFO]   [⏩] SKIPPED         | Player ID: 795242762 (Already in history)
2026-07-24 06:30:26,401 [INFO]   [⏩] SKIPPED         | Player ID: 233666803 (Already in history)
2026-07-24 06:30:26,401 [INFO]   [⏩] SKIPPED         | Player ID: 778241028 (Already in history)
2026-07-24 06:30:26,401 [INFO]   [⏩] SKIPPED         | Player ID: 386028579 (Already in history)
2026-07-24 06:30:26,401 [INFO]   [⏩] SKIPPED         | Player ID: 272536116 (Already in history)
2026-07-24 06:30:26,401 [INFO]   [⏩] SKIPPED         | Player ID: 189717993 (Already in history)
2026-07-24 06:30:26,401 [INFO]   [⏩] SKIPPED         | Player ID: 186986048 (Already in history)
2026-07-24 06:30:26,401 [INFO]   [⏩] SKIPPED         | Player ID: 147982644 (Already in history)
2026-07-24 06:30:26,401 [INFO]   [⏩] SKIPPED         | Player ID: 178615267 (Already in history)
2026-07-24 06:30:26,402 [INFO]   [⏩] SKIPPED         | Player ID: 475281320 (Already in history)
2026-07-24 06:30:26,402 [INFO]   [⏩] SKIPPED         | Player ID: 711972452 (Already in history)
2026-07-24 06:30:26,402 [INFO]   [⏩] SKIPPED         | Player ID: 711987337 (Already in history)
2026-07-24 06:30:26,402 [INFO]   [⏩] SKIPPED         | Player ID: 708955382 (Already in history)
2026-07-24 06:30:26,402 [INFO]   [⏩] SKIPPED         | Player ID: 199211027 (Already in history)
2026-07-24 06:30:26,402 [INFO]   [⏩] SKIPPED         | Player ID: 164962541 (Already in history)
2026-07-24 06:30:26,402 [INFO]   [⏩] SKIPPED         | Player ID: 359646774 (Already in history)
2026-07-24 06:30:26,402 [INFO]   [⏩] SKIPPED         | Player ID: 191998452 (Already in history)
2026-07-24 06:30:26,402 [INFO] --- Code: '1stYoutubeKR' ---
2026-07-24 06:30:26,402 [INFO]   [⏩] SKIPPED         | Player ID: 206258850 (Already in history)
2026-07-24 06:30:26,402 [INFO]   [⏩] SKIPPED         | Player ID: 178680408 (Already in history)
2026-07-24 06:30:26,402 [INFO]   [⏩] SKIPPED         | Player ID: 197646356 (Already in history)
2026-07-24 06:30:26,402 [INFO]   [⏩] SKIPPED         | Player ID: 190841885 (Already in history)
2026-07-24 06:30:26,402 [INFO]   [⏩] SKIPPED         | Player ID: 198841815 (Already in history)
2026-07-24 06:30:26,402 [INFO]   [⏩] SKIPPED         | Player ID: 200398539 (Already in history)
2026-07-24 06:30:26,402 [INFO]   [⏩] SKIPPED         | Player ID: 233533445 (Already in history)
2026-07-24 06:30:26,402 [INFO]   [⏩] SKIPPED         | Player ID: 179712561 (Already in history)
2026-07-24 06:30:26,402 [INFO]   [⏩] SKIPPED         | Player ID: 248462897 (Already in history)
2026-07-24 06:30:26,402 [INFO]   [⏩] SKIPPED         | Player ID: 179286900 (Already in history)
2026-07-24 06:30:26,402 [INFO]   [⏩] SKIPPED         | Player ID: 138961481 (Already in history)
2026-07-24 06:30:26,402 [INFO]   [⏩] SKIPPED         | Player ID: 197138068 (Already in history)
2026-07-24 06:30:26,402 [INFO]   [⏩] SKIPPED         | Player ID: 215505556 (Already in history)
2026-07-24 06:30:26,403 [INFO]   [⏩] SKIPPED         | Player ID: 191206910 (Already in history)
2026-07-24 06:30:26,403 [INFO]   [⏩] SKIPPED         | Player ID: 321386187 (Already in history)
2026-07-24 06:30:26,403 [INFO]   [⏩] SKIPPED         | Player ID: 206396393 (Already in history)
2026-07-24 06:30:26,403 [INFO]   [⏩] SKIPPED         | Player ID: 199841828 (Already in history)
2026-07-24 06:30:26,403 [INFO]   [⏩] SKIPPED         | Player ID: 181956502 (Already in history)
2026-07-24 06:30:26,403 [INFO]   [⏩] SKIPPED         | Player ID: 215135464 (Already in history)
2026-07-24 06:30:26,403 [INFO]   [⏩] SKIPPED         | Player ID: 221630710 (Already in history)
2026-07-24 06:30:26,403 [INFO]   [⏩] SKIPPED         | Player ID: 207281088 (Already in history)
2026-07-24 06:30:26,403 [INFO]   [⏩] SKIPPED         | Player ID: 192275638 (Already in history)
2026-07-24 06:30:26,403 [INFO]   [⏩] SKIPPED         | Player ID: 198153961 (Already in history)
2026-07-24 06:30:26,403 [INFO]   [⏩] SKIPPED         | Player ID: 206052445 (Already in history)
2026-07-24 06:30:26,403 [INFO]   [⏩] SKIPPED         | Player ID: 288526153 (Already in history)
2026-07-24 06:30:26,403 [INFO]   [⏩] SKIPPED         | Player ID: 236945509 (Already in history)
2026-07-24 06:30:26,403 [INFO]   [⏩] SKIPPED         | Player ID: 194344232 (Already in history)
2026-07-24 06:30:26,403 [INFO]   [⏩] SKIPPED         | Player ID: 178860721 (Already in history)
2026-07-24 06:30:26,403 [INFO]   [⏩] SKIPPED         | Player ID: 252053499 (Already in history)
2026-07-24 06:30:26,403 [INFO]   [⏩] SKIPPED         | Player ID: 178259965 (Already in history)
2026-07-24 06:30:26,403 [INFO]   [⏩] SKIPPED         | Player ID: 232920331 (Already in history)
2026-07-24 06:30:26,403 [INFO]   [⏩] SKIPPED         | Player ID: 221862687 (Already in history)
2026-07-24 06:30:26,403 [INFO]   [⏩] SKIPPED         | Player ID: 199530391 (Already in history)
2026-07-24 06:30:26,403 [INFO]   [⏩] SKIPPED         | Player ID: 207493182 (Already in history)
2026-07-24 06:30:26,403 [INFO]   [⏩] SKIPPED         | Player ID: 181758388 (Already in history)
2026-07-24 06:30:26,403 [INFO]   [⏩] SKIPPED         | Player ID: 262635853 (Already in history)
2026-07-24 06:30:26,404 [INFO]   [⏩] SKIPPED         | Player ID: 197220451 (Already in history)
2026-07-24 06:30:26,404 [INFO]   [⏩] SKIPPED         | Player ID: 270999856 (Already in history)
2026-07-24 06:30:26,404 [INFO]   [⏩] SKIPPED         | Player ID: 287993718 (Already in history)
2026-07-24 06:30:26,404 [INFO]   [⏩] SKIPPED         | Player ID: 179303271 (Already in history)
2026-07-24 06:30:26,404 [INFO]   [⏩] SKIPPED         | Player ID: 248790551 (Already in history)
2026-07-24 06:30:26,404 [INFO]   [⏩] SKIPPED         | Player ID: 204168351 (Already in history)
2026-07-24 06:30:26,404 [INFO]   [⏩] SKIPPED         | Player ID: 230281501 (Already in history)
2026-07-24 06:30:26,404 [INFO]   [⏩] SKIPPED         | Player ID: 236856728 (Already in history)
2026-07-24 06:30:26,404 [INFO]   [⏩] SKIPPED         | Player ID: 243858391 (Already in history)
2026-07-24 06:30:26,404 [INFO]   [⏩] SKIPPED         | Player ID: 795242762 (Already in history)
2026-07-24 06:30:26,404 [INFO]   [⏩] SKIPPED         | Player ID: 233666803 (Already in history)
2026-07-24 06:30:26,404 [INFO]   [⏩] SKIPPED         | Player ID: 778241028 (Already in history)
2026-07-24 06:30:26,404 [INFO]   [⏩] SKIPPED         | Player ID: 386028579 (Already in history)
2026-07-24 06:30:26,404 [INFO]   [⏩] SKIPPED         | Player ID: 272536116 (Already in history)
2026-07-24 06:30:26,404 [INFO]   [⏩] SKIPPED         | Player ID: 189717993 (Already in history)
2026-07-24 06:30:26,404 [INFO]   [⏩] SKIPPED         | Player ID: 186986048 (Already in history)
2026-07-24 06:30:26,404 [INFO]   [⏩] SKIPPED         | Player ID: 147982644 (Already in history)
2026-07-24 06:30:26,404 [INFO]   [⏩] SKIPPED         | Player ID: 178615267 (Already in history)
2026-07-24 06:30:26,404 [INFO]   [⏩] SKIPPED         | Player ID: 475281320 (Already in history)
2026-07-24 06:30:26,404 [INFO]   [⏩] SKIPPED         | Player ID: 711972452 (Already in history)
2026-07-24 06:30:26,404 [INFO]   [⏩] SKIPPED         | Player ID: 711987337 (Already in history)
2026-07-24 06:30:26,404 [INFO]   [⏩] SKIPPED         | Player ID: 708955382 (Already in history)
2026-07-24 06:30:26,404 [INFO]   [⏩] SKIPPED         | Player ID: 199211027 (Already in history)
2026-07-24 06:30:26,405 [INFO]   [⏩] SKIPPED         | Player ID: 164962541 (Already in history)
2026-07-24 06:30:26,405 [INFO]   [⏩] SKIPPED         | Player ID: 359646774 (Already in history)
2026-07-24 06:30:26,405 [INFO]   [⏩] SKIPPED         | Player ID: 191998452 (Already in history)
2026-07-24 06:30:26,405 [INFO] --- Code: 'gogoWOS' ---
2026-07-24 06:30:26,405 [INFO]   [⏩] SKIPPED         | Player ID: 206258850 (Already in history)
2026-07-24 06:30:26,405 [INFO]   [⏩] SKIPPED         | Player ID: 178680408 (Already in history)
2026-07-24 06:30:26,405 [INFO]   [⏩] SKIPPED         | Player ID: 197646356 (Already in history)
2026-07-24 06:30:26,405 [INFO]   [⏩] SKIPPED         | Player ID: 190841885 (Already in history)
2026-07-24 06:30:26,405 [INFO]   [⏩] SKIPPED         | Player ID: 198841815 (Already in history)
2026-07-24 06:30:26,405 [INFO]   [⏩] SKIPPED         | Player ID: 200398539 (Already in history)
2026-07-24 06:30:26,405 [INFO]   [⏩] SKIPPED         | Player ID: 233533445 (Already in history)
2026-07-24 06:30:26,405 [INFO]   [⏩] SKIPPED         | Player ID: 179712561 (Already in history)
2026-07-24 06:30:26,405 [INFO]   [⏩] SKIPPED         | Player ID: 248462897 (Already in history)
2026-07-24 06:30:26,405 [INFO]   [⏩] SKIPPED         | Player ID: 179286900 (Already in history)
2026-07-24 06:30:26,405 [INFO]   [⏩] SKIPPED         | Player ID: 138961481 (Already in history)
2026-07-24 06:30:26,405 [INFO]   [⏩] SKIPPED         | Player ID: 197138068 (Already in history)
2026-07-24 06:30:26,405 [INFO]   [⏩] SKIPPED         | Player ID: 215505556 (Already in history)
2026-07-24 06:30:26,405 [INFO]   [⏩] SKIPPED         | Player ID: 191206910 (Already in history)
2026-07-24 06:30:26,405 [INFO]   [⏩] SKIPPED         | Player ID: 321386187 (Already in history)
2026-07-24 06:30:26,405 [INFO]   [⏩] SKIPPED         | Player ID: 206396393 (Already in history)
2026-07-24 06:30:26,405 [INFO]   [⏩] SKIPPED         | Player ID: 199841828 (Already in history)
2026-07-24 06:30:26,405 [INFO]   [⏩] SKIPPED         | Player ID: 181956502 (Already in history)
2026-07-24 06:30:26,406 [INFO]   [⏩] SKIPPED         | Player ID: 215135464 (Already in history)
2026-07-24 06:30:26,406 [INFO]   [⏩] SKIPPED         | Player ID: 221630710 (Already in history)
2026-07-24 06:30:26,406 [INFO]   [⏩] SKIPPED         | Player ID: 207281088 (Already in history)
2026-07-24 06:30:26,406 [INFO]   [⏩] SKIPPED         | Player ID: 192275638 (Already in history)
2026-07-24 06:30:26,406 [INFO]   [⏩] SKIPPED         | Player ID: 198153961 (Already in history)
2026-07-24 06:30:26,406 [INFO]   [⏩] SKIPPED         | Player ID: 206052445 (Already in history)
2026-07-24 06:30:26,406 [INFO]   [⏩] SKIPPED         | Player ID: 288526153 (Already in history)
2026-07-24 06:30:26,406 [INFO]   [⏩] SKIPPED         | Player ID: 236945509 (Already in history)
2026-07-24 06:30:26,406 [INFO]   [⏩] SKIPPED         | Player ID: 194344232 (Already in history)
2026-07-24 06:30:26,406 [INFO]   [⏩] SKIPPED         | Player ID: 178860721 (Already in history)
2026-07-24 06:30:26,406 [INFO]   [⏩] SKIPPED         | Player ID: 252053499 (Already in history)
2026-07-24 06:30:26,406 [INFO]   [⏩] SKIPPED         | Player ID: 178259965 (Already in history)
2026-07-24 06:30:26,406 [INFO]   [⏩] SKIPPED         | Player ID: 232920331 (Already in history)
2026-07-24 06:30:26,406 [INFO]   [⏩] SKIPPED         | Player ID: 221862687 (Already in history)
2026-07-24 06:30:26,406 [INFO]   [⏩] SKIPPED         | Player ID: 199530391 (Already in history)
2026-07-24 06:30:26,406 [INFO]   [⏩] SKIPPED         | Player ID: 207493182 (Already in history)
2026-07-24 06:30:26,406 [INFO]   [⏩] SKIPPED         | Player ID: 181758388 (Already in history)
2026-07-24 06:30:26,406 [INFO]   [⏩] SKIPPED         | Player ID: 262635853 (Already in history)
2026-07-24 06:30:26,406 [INFO]   [⏩] SKIPPED         | Player ID: 197220451 (Already in history)
2026-07-24 06:30:26,406 [INFO]   [⏩] SKIPPED         | Player ID: 270999856 (Already in history)
2026-07-24 06:30:26,406 [INFO]   [⏩] SKIPPED         | Player ID: 287993718 (Already in history)
2026-07-24 06:30:26,406 [INFO]   [⏩] SKIPPED         | Player ID: 179303271 (Already in history)
2026-07-24 06:30:26,406 [INFO]   [⏩] SKIPPED         | Player ID: 248790551 (Already in history)
2026-07-24 06:30:26,407 [INFO]   [⏩] SKIPPED         | Player ID: 204168351 (Already in history)
2026-07-24 06:30:26,407 [INFO]   [⏩] SKIPPED         | Player ID: 230281501 (Already in history)
2026-07-24 06:30:26,407 [INFO]   [⏩] SKIPPED         | Player ID: 236856728 (Already in history)
2026-07-24 06:30:26,407 [INFO]   [⏩] SKIPPED         | Player ID: 243858391 (Already in history)
2026-07-24 06:30:26,407 [INFO]   [⏩] SKIPPED         | Player ID: 795242762 (Already in history)
2026-07-24 06:30:26,407 [INFO]   [⏩] SKIPPED         | Player ID: 233666803 (Already in history)
2026-07-24 06:30:26,407 [INFO]   [⏩] SKIPPED         | Player ID: 778241028 (Already in history)
2026-07-24 06:30:26,407 [INFO]   [⏩] SKIPPED         | Player ID: 386028579 (Already in history)
2026-07-24 06:30:26,407 [INFO]   [⏩] SKIPPED         | Player ID: 272536116 (Already in history)
2026-07-24 06:30:26,407 [INFO]   [⏩] SKIPPED         | Player ID: 189717993 (Already in history)
2026-07-24 06:30:26,407 [INFO]   [⏩] SKIPPED         | Player ID: 186986048 (Already in history)
2026-07-24 06:30:26,407 [INFO]   [⏩] SKIPPED         | Player ID: 147982644 (Already in history)
2026-07-24 06:30:26,407 [INFO]   [⏩] SKIPPED         | Player ID: 178615267 (Already in history)
2026-07-24 06:30:26,407 [INFO]   [⏩] SKIPPED         | Player ID: 475281320 (Already in history)
2026-07-24 06:30:26,407 [INFO]   [⏩] SKIPPED         | Player ID: 711972452 (Already in history)
2026-07-24 06:30:26,407 [INFO]   [⏩] SKIPPED         | Player ID: 711987337 (Already in history)
2026-07-24 06:30:26,407 [INFO]   [⏩] SKIPPED         | Player ID: 708955382 (Already in history)
2026-07-24 06:30:26,407 [INFO]   [⏩] SKIPPED         | Player ID: 199211027 (Already in history)
2026-07-24 06:30:26,407 [INFO]   [⏩] SKIPPED         | Player ID: 164962541 (Already in history)
2026-07-24 06:30:26,407 [INFO]   [⏩] SKIPPED         | Player ID: 359646774 (Already in history)
2026-07-24 06:30:26,407 [INFO]   [⏩] SKIPPED         | Player ID: 191998452 (Already in history)
2026-07-24 06:30:26,407 [INFO] 
==========================================
         REDEMPTION SUMMARY REPORT        
==========================================
  Total Unique Player IDs    : 62
  Total History Unique IDs   : 62
------------------------------------------
  [✓] Newly Redeemed         : 0
  [-] Already Claimed (API)  : 0
  [⏩] Skipped (Local Memory) : 248
  [!] Expired Codes           : 0
  [✗] Failed Requests         : 0
------------------------------------------
  TOTAL SUCCESSFUL / CLAIMED : 248 / 248
==========================================

